../Core/User/libs/rc522/rc522.c:9:9:RC522_SPI_Transfer	32	static
../Core/User/libs/rc522/rc522.c:23:6:Write_MFRC522	16	static
../Core/User/libs/rc522/rc522.c:47:7:Read_MFRC522	24	static
../Core/User/libs/rc522/rc522.c:76:6:SetBitMask	24	static
../Core/User/libs/rc522/rc522.c:89:6:ClearBitMask	24	static
../Core/User/libs/rc522/rc522.c:102:6:AntennaOn	8	static
../Core/User/libs/rc522/rc522.c:115:6:AntennaOff	8	static
../Core/User/libs/rc522/rc522.c:126:6:MFRC522_Reset	8	static
../Core/User/libs/rc522/rc522.c:137:6:MFRC522_Init	8	static
../Core/User/libs/rc522/rc522.c:165:7:MFRC522_ToCard	48	static
../Core/User/libs/rc522/rc522.c:288:7:MFRC522_Request	32	static
../Core/User/libs/rc522/rc522.c:312:7:MFRC522_Anticoll	32	static
../Core/User/libs/rc522/rc522.c:347:6:CalulateCRC	40	static
../Core/User/libs/rc522/rc522.c:381:7:MFRC522_SelectTag	48	static
../Core/User/libs/rc522/rc522.c:423:7:MFRC522_Auth	56	static
../Core/User/libs/rc522/rc522.c:457:7:MFRC522_Read	32	static
../Core/User/libs/rc522/rc522.c:481:7:MFRC522_Write	56	static
../Core/User/libs/rc522/rc522.c:522:6:MFRC522_Halt	24	static
