/home/lekhacvuong/STM32CubeIDE/workspace_1.14.0/smartHome/Core/User/utils/sm_elapsed_timer.h:28:20:elapsed_timer_reset	16	static
/home/lekhacvuong/STM32CubeIDE/workspace_1.14.0/smartHome/Core/User/utils/sm_elapsed_timer.h:36:20:elapsed_timer_resetz	16	static
/home/lekhacvuong/STM32CubeIDE/workspace_1.14.0/smartHome/Core/User/utils/sm_elapsed_timer.h:52:23:elapsed_timer_get_remain	24	static
../Core/Src/main.c:20:6:log_put	16	static
../Core/Src/main.c:24:9:get_tick_count	16	static
../Core/Src/main.c:29:9:serialHostSendIfDefault	24	static
../Core/Src/main.c:47:6:saveConfig	1056	static
../Core/Src/main.c:77:6:loadConfig	1048	static
../Core/Src/main.c:113:6:getLightStt	16	static
../Core/Src/main.c:118:6:setLightBrightness	16	static
../Core/Src/main.c:143:6:controlLight	40	static
../Core/Src/main.c:169:9:host_receive_cmd_callback	56	static
../Core/Src/main.c:317:6:processAutoLight	32	static
../Core/Src/main.c:343:6:processAutoFan	8	static
../Core/Src/main.c:364:5:main	16	static
../Core/Src/main.c:426:6:USART2_IRQHandler	8	static
../Core/Src/main.c:434:6:SysTick_Handler	8	static
